[     727ms] [LOG] 
%c잠깐만! font-family:helvetica; font-size:20px; font-size:50px; font-weight:bold; color:red; -webkit-text-stroke:1px black; @ :0
[     727ms] [LOG] 
%c이 기능은 개발자용으로 브라우저에서 제공되는 내용입니다. 누군가 Instagram 기능을 사용하거나 다른 사람의 계정을 '해킹'하기 위해 여기에 특정 콘텐츠를 복사하여 붙여넣으라고 했다면 사기 행위로 간주하세요. 이 기능은 회원님의 Instagram 계정에 대한 액세스 권한을 상대편에게 부여하는 것입니다. font-family:helvetica; font-size:20px;  @ :0
[     727ms] [LOG] 
%c자세한 정보는 https://www.facebook.com/selfxss를 참고하세요. font-family:helvetica; font-size:20px;  @ :0
[     727ms] [LOG] 
%c  @ :0
[   42095ms] [ERROR] Failed to load resource: the server responded with a status of 401 () @ https://www.instagram.com/api/v1/web/search/topsearch/?context=blended&query=32%EA%B8%B0%20%EC%98%81%EC%88%99&count=10:0
[   42290ms] [ERROR] Failed to load resource: the server responded with a status of 401 () @ https://www.instagram.com/api/v1/web/search/topsearch/?context=blended&query=32%EA%B8%B0%20%EC%98%A5%EC%88%9C&count=10:0
[   42484ms] [ERROR] Failed to load resource: the server responded with a status of 401 () @ https://www.instagram.com/api/v1/web/search/topsearch/?context=blended&query=32%EA%B8%B0%20%EC%A0%95%EC%88%99&count=10:0
[   42686ms] [ERROR] Failed to load resource: the server responded with a status of 401 () @ https://www.instagram.com/api/v1/web/search/topsearch/?context=blended&query=32%EA%B8%B0%20%EC%88%9C%EC%9E%90&count=10:0
[   42932ms] [ERROR] Failed to load resource: the server responded with a status of 401 () @ https://www.instagram.com/api/v1/web/search/topsearch/?context=blended&query=32%EA%B8%B0%20%EC%98%81%EC%9E%90&count=10:0
[   43129ms] [ERROR] Failed to load resource: the server responded with a status of 401 () @ https://www.instagram.com/api/v1/web/search/topsearch/?context=blended&query=32%EA%B8%B0%20%ED%98%84%EC%88%99&count=10:0
[   43335ms] [ERROR] Failed to load resource: the server responded with a status of 401 () @ https://www.instagram.com/api/v1/web/search/topsearch/?context=blended&query=32%EA%B8%B0%20%EC%A0%95%ED%9D%AC&count=10:0
[   43558ms] [ERROR] Failed to load resource: the server responded with a status of 401 () @ https://www.instagram.com/api/v1/web/search/topsearch/?context=blended&query=32%EA%B8%B0%20%EC%98%81%ED%98%B8&count=10:0
[   43752ms] [ERROR] Failed to load resource: the server responded with a status of 401 () @ https://www.instagram.com/api/v1/web/search/topsearch/?context=blended&query=32%EA%B8%B0%20%EC%98%81%EC%8B%9D&count=10:0
[   43958ms] [ERROR] Failed to load resource: the server responded with a status of 401 () @ https://www.instagram.com/api/v1/web/search/topsearch/?context=blended&query=32%EA%B8%B0%20%EC%98%81%EC%B2%A0&count=10:0
[   44449ms] [ERROR] Failed to load resource: the server responded with a status of 401 () @ https://www.instagram.com/api/v1/web/search/topsearch/?context=blended&query=32%EA%B8%B0%20%EC%83%81%EC%B2%A0&count=10:0
[   44647ms] [ERROR] Failed to load resource: the server responded with a status of 401 () @ https://www.instagram.com/api/v1/web/search/topsearch/?context=blended&query=32%EA%B8%B0%20%EA%B2%BD%EC%88%98&count=10:0
[  143298ms] [ERROR] Failed to load resource: the server responded with a status of 401 () @ https://www.instagram.com/api/v1/users/web_profile_info/?username=mihi_486:0
[  144007ms] [ERROR] Failed to load resource: the server responded with a status of 401 () @ https://www.instagram.com/api/v1/users/web_profile_info/?username=nayoon.scene:0
[  144739ms] [ERROR] Failed to load resource: the server responded with a status of 401 () @ https://www.instagram.com/api/v1/users/web_profile_info/?username=prettysw_:0
[  145441ms] [ERROR] Failed to load resource: the server responded with a status of 401 () @ https://www.instagram.com/api/v1/users/web_profile_info/?username=jeongui0922:0
[  146133ms] [ERROR] Failed to load resource: the server responded with a status of 401 () @ https://www.instagram.com/api/v1/users/web_profile_info/?username=gang5an:0
[  146824ms] [ERROR] Failed to load resource: the server responded with a status of 401 () @ https://www.instagram.com/api/v1/users/web_profile_info/?username=hominnnnnnnn:0
[  147537ms] [ERROR] Failed to load resource: the server responded with a status of 401 () @ https://www.instagram.com/api/v1/users/web_profile_info/?username=eovkfl87:0
[  148229ms] [ERROR] Failed to load resource: the server responded with a status of 401 () @ https://www.instagram.com/api/v1/users/web_profile_info/?username=__hj3205:0
[  188842ms] [ERROR] Failed to load resource: the server responded with a status of 401 () @ https://www.instagram.com/api/v1/users/web_profile_info/?username=_gravityno.1:0
