[     836ms] [VERBOSE] [DOM] Input elements should have autocomplete attributes (suggested: "current-password"): (More info: https://goo.gl/9p2vKq) %o @ https://www.instagram.com/accounts/login/?next=https%3A%2F%2Fwww.instagram.com%2Fyso2.32%2F&is_from_rle:0
[     854ms] [LOG] 
%c잠깐만! font-family:helvetica; font-size:20px; font-size:50px; font-weight:bold; color:red; -webkit-text-stroke:1px black; @ https://static.cdninstagram.com/rsrc.php/v4iMgt4/yg/l/ko_KR/QZZd1OgdFw1.js:8
[     854ms] [LOG] 
%c이 기능은 개발자용으로 브라우저에서 제공되는 내용입니다. 누군가 Instagram 기능을 사용하거나 다른 사람의 계정을 '해킹'하기 위해 여기에 특정 콘텐츠를 복사하여 붙여넣으라고 했다면 사기 행위로 간주하세요. 이 기능은 회원님의 Instagram 계정에 대한 액세스 권한을 상대편에게 부여하는 것입니다. font-family:helvetica; font-size:20px;  @ https://static.cdninstagram.com/rsrc.php/v4iMgt4/yg/l/ko_KR/QZZd1OgdFw1.js:8
[     854ms] [LOG] 
%c자세한 정보는 https://www.facebook.com/selfxss를 참고하세요. font-family:helvetica; font-size:20px;  @ https://static.cdninstagram.com/rsrc.php/v4iMgt4/yg/l/ko_KR/QZZd1OgdFw1.js:8
[     854ms] [LOG] 
%c  @ https://static.cdninstagram.com/rsrc.php/v4iMgt4/yg/l/ko_KR/QZZd1OgdFw1.js:8
[     893ms] [INFO] Banner not shown: beforeinstallpromptevent.preventDefault() called. The page must call beforeinstallpromptevent.prompt() to show the banner. @ https://www.instagram.com/accounts/login/?next=https%3A%2F%2Fwww.instagram.com%2Fyso2.32%2F&is_from_rle:0
[    1154ms] [ERROR] ErrorUtils caught an error:

Minified React error #418; visit https://react.dev/errors/418?args[]=HTML&args[]= for the full message or use the non-minified dev environment for full errors and additional helpful warnings.

Subsequent non-fatal errors won't be logged; see https://fburl.com/debugjs. {column: 28988, clientTime: 1787125131, componentStackFrames: Array(158), extra: Object, guardList: Array(1)} @ https://static.cdninstagram.com/rsrc.php/v4/yH/r/d4of7FCiYof.js:83
[    1155ms] Error: Minified React error #418; visit https://react.dev/errors/418?args[]=HTML&args[]= for the full message or use the non-minified dev environment for full errors and additional helpful warnings.
    at pr (https://static.cdninstagram.com/rsrc.php/v4ieKd4/y1/l/ko_KR/N7-oNFb1qKNMulw_9TorsPvsb2rvrQxM2ytehNAqCKLcaEPvrWwznZVfSomRFckA_Zzyo9mWIAbHZ6PKzAallKXHbSwpD06ar9zGLlhOK5vB-FvPYVWOZQEXDcweh9anlL9lprCs80Deqxx0_uye9hpj8kC57z898iv26rXz7ntvtQIOaQcDFONXV02.js:307:28988)
    at gr (https://static.cdninstagram.com/rsrc.php/v4ieKd4/y1/l/ko_KR/N7-oNFb1qKNMulw_9TorsPvsb2rvrQxM2ytehNAqCKLcaEPvrWwznZVfSomRFckA_Zzyo9mWIAbHZ6PKzAallKXHbSwpD06ar9zGLlhOK5vB-FvPYVWOZQEXDcweh9anlL9lprCs80Deqxx0_uye9hpj8kC57z898iv26rXz7ntvtQIOaQcDFONXV02.js:307:30380)
    at vs (https://static.cdninstagram.com/rsrc.php/v4ieKd4/y1/l/ko_KR/N7-oNFb1qKNMulw_9TorsPvsb2rvrQxM2ytehNAqCKLcaEPvrWwznZVfSomRFckA_Zzyo9mWIAbHZ6PKzAallKXHbSwpD06ar9zGLlhOK5vB-FvPYVWOZQEXDcweh9anlL9lprCs80Deqxx0_uye9hpj8kC57z898iv26rXz7ntvtQIOaQcDFONXV02.js:307:95289)
    at Nd (https://static.cdninstagram.com/rsrc.php/v4ieKd4/y1/l/ko_KR/N7-oNFb1qKNMulw_9TorsPvsb2rvrQxM2ytehNAqCKLcaEPvrWwznZVfSomRFckA_Zzyo9mWIAbHZ6PKzAallKXHbSwpD06ar9zGLlhOK5vB-FvPYVWOZQEXDcweh9anlL9lprCs80Deqxx0_uye9hpj8kC57z898iv26rXz7ntvtQIOaQcDFONXV02.js:307:144747)
    at xd (https://static.cdninstagram.com/rsrc.php/v4ieKd4/y1/l/ko_KR/N7-oNFb1qKNMulw_9TorsPvsb2rvrQxM2ytehNAqCKLcaEPvrWwznZVfSomRFckA_Zzyo9mWIAbHZ6PKzAallKXHbSwpD06ar9zGLlhOK5vB-FvPYVWOZQEXDcweh9anlL9lprCs80Deqxx0_uye9hpj8kC57z898iv26rXz7ntvtQIOaQcDFONXV02.js:307:143874)
    at Dd (https://static.cdninstagram.com/rsrc.php/v4ieKd4/y1/l/ko_KR/N7-oNFb1qKNMulw_9TorsPvsb2rvrQxM2ytehNAqCKLcaEPvrWwznZVfSomRFckA_Zzyo9mWIAbHZ6PKzAallKXHbSwpD06ar9zGLlhOK5vB-FvPYVWOZQEXDcweh9anlL9lprCs80Deqxx0_uye9hpj8kC57z898iv26rXz7ntvtQIOaQcDFONXV02.js:307:143785)
    at Td (https://static.cdninstagram.com/rsrc.php/v4ieKd4/y1/l/ko_KR/N7-oNFb1qKNMulw_9TorsPvsb2rvrQxM2ytehNAqCKLcaEPvrWwznZVfSomRFckA_Zzyo9mWIAbHZ6PKzAallKXHbSwpD06ar9zGLlhOK5vB-FvPYVWOZQEXDcweh9anlL9lprCs80Deqxx0_uye9hpj8kC57z898iv26rXz7ntvtQIOaQcDFONXV02.js:307:143640)
    at pd (https://static.cdninstagram.com/rsrc.php/v4ieKd4/y1/l/ko_KR/N7-oNFb1qKNMulw_9TorsPvsb2rvrQxM2ytehNAqCKLcaEPvrWwznZVfSomRFckA_Zzyo9mWIAbHZ6PKzAallKXHbSwpD06ar9zGLlhOK5vB-FvPYVWOZQEXDcweh9anlL9lprCs80Deqxx0_uye9hpj8kC57z898iv26rXz7ntvtQIOaQcDFONXV02.js:307:138799)
    at Zr (https://static.cdninstagram.com/rsrc.php/v4ieKd4/y1/l/ko_KR/N7-oNFb1qKNMulw_9TorsPvsb2rvrQxM2ytehNAqCKLcaEPvrWwznZVfSomRFckA_Zzyo9mWIAbHZ6PKzAallKXHbSwpD06ar9zGLlhOK5vB-FvPYVWOZQEXDcweh9anlL9lprCs80Deqxx0_uye9hpj8kC57z898iv26rXz7ntvtQIOaQcDFONXV02.js:307:35926)
    at Object.applyWithGuard (https://static.cdninstagram.com/rsrc.php/v4/yH/r/d4of7FCiYof.js:84:10311)
    at e (https://static.cdninstagram.com/rsrc.php/v4/yH/r/d4of7FCiYof.js:84:11008)
    at MessagePort.N (https://static.cdninstagram.com/rsrc.php/v4/yH/r/d4of7FCiYof.js:240:1878)
[    1200ms] [VERBOSE] [DOM] Input elements should have autocomplete attributes (suggested: "current-password"): (More info: https://goo.gl/9p2vKq) %o @ https://www.instagram.com/accounts/login/?next=https%3A%2F%2Fwww.instagram.com%2Fyso2.32%2F&is_from_rle:0
